C51 COMPILER V9.60.0.0   UART                                                              04/10/2021 16:18:35 PAGE 1   


C51 COMPILER V9.60.0.0, COMPILATION OF MODULE UART
OBJECT MODULE PLACED IN C:\111\evm\uart.obj
COMPILER INVOKED BY: C:\Keil_v5\C51\BIN\C51.EXE uart.c OPTIMIZE(8,SPEED) BROWSE DEBUG OBJECTEXTEND TABS(2) OBJECT(C:\111
                    -\evm\uart.obj)

line level    source

   1          #include<reg51.h>
   2          #include"uart.h"
   3          #include"type.h"
   4          #include"lcd.h"
   5          #include"delay.h"
   6          
   7          
   8          bit r_flag,t_flag;
   9          u8 ch=0,k,rec_buff[25];
  10          u8 flag=0;
  11          
  12          void serial_int(void) interrupt 4
  13          {
  14   1       if(TI==1)
  15   1        {
  16   2          t_flag=1;
  17   2          TI=0;
  18   2        }
  19   1      if(RI==1)
  20   1        {
  21   2         ch=SBUF;
  22   2      
  23   2      
  24   2         if(ch==0x02)
  25   2          flag=1;
  26   2        else if((flag==1)&&(ch!=0x03)) 
  27   2            rec_buff[k++]=ch;
  28   2          else if(ch==0x03)
  29   2            {
  30   3              r_flag=1;flag=0;
  31   3          rec_buff[k]='\0';
  32   3              // strcpy(main_buff,rec_buff);
  33   3               k=0;
  34   3             }
  35   2        
  36   2          RI=0;
  37   2      //  lcd_char(ch);
  38   2         }
  39   1      
  40   1      }
  41          
  42          
  43          void uart_inti()
  44          {
  45   1        SCON=0x50;
  46   1        TMOD=0x20;
  47   1        TH1=TL1=0xFD; //set baudrate
  48   1        TR1=1;    // timer run
  49   1       IE=0x90;//ea=globle interrupt enable,es=serial interface
  50   1      
  51   1      }
  52          
  53           
  54          
C51 COMPILER V9.60.0.0   UART                                                              04/10/2021 16:18:35 PAGE 2   

  55          /*char uart_Rxint(void)
  56          {
  57           while(RI==0);
  58            RI=0;
  59            return(SBUF);
  60          }*/
  61          
  62          
  63          
  64          void uart_Txchar(char ch)
  65           {
  66   1         SBUF=ch;
  67   1        while(t_flag==0);
  68   1         t_flag=0;
  69   1        }
  70          
  71          void uart_str(unsigned char *str)
  72          {
  73   1      while(*str)
  74   1      uart_Txchar(*str++);
  75   1      
  76   1      }
  77          
  78           
  79          
  80          
  81          


MODULE INFORMATION:   STATIC OVERLAYABLE
   CODE SIZE        =    160    ----
   CONSTANT SIZE    =   ----    ----
   XDATA SIZE       =   ----    ----
   PDATA SIZE       =   ----    ----
   DATA SIZE        =     28       3
   IDATA SIZE       =   ----    ----
   BIT SIZE         =      2    ----
END OF MODULE INFORMATION.


C51 COMPILATION COMPLETE.  0 WARNING(S),  0 ERROR(S)
